2026/09/30 16:26:37 [INFO] runtime configuration loaded for environment: development
2026/09/30 16:26:39 [GORM] Database connection established and schema migrated successfully.
2026/09/30 16:26:45 [INFO] offline detection worker started
{"level":"ERROR","time":"2026-09-30T16:30:52.6754121+05:30","message":{"trace_id":"a845d2be8d4dd0dcfdf635967298f115","error":"aggregation bucket limit exceeded: maximum allowed buckets is 5040"},"gofrVersion":"v1.61.0"}
{"level":"ERROR","time":"2026-09-30T16:30:52.6769886+05:30","message":{"trace_id":"a845d2be8d4dd0dcfdf635967298f115","span_id":"f54b909ad6e75665","start_time":"2026-09-30T16:30:52.6754121+05:30","response_time":1576,"method":"GET","user_agent":"Go-http-client/1.1","ip":"[::1]:56296","uri":"/api/v1/user/servers/1/metrics/aggregate?start=2026-09-01T00%3A00%3A00Z\u0026end=2026-09-18T12%3A05%3A00Z\u0026granularity=5m","response":500},"gofrVersion":"v1.61.0"}
{"level":"ERROR","time":"2026-09-30T16:30:52.6775989+05:30","message":{"trace_id":"b706884eb1968e5d988ca868a2eeaa2d","error":"valid end timestamp is required"},"gofrVersion":"v1.61.0"}
{"level":"ERROR","time":"2026-09-30T16:30:52.6784306+05:30","message":{"trace_id":"b706884eb1968e5d988ca868a2eeaa2d","span_id":"c599b2d99cb677f4","start_time":"2026-09-30T16:30:52.6775989+05:30","response_time":831,"method":"GET","user_agent":"Go-http-client/1.1","ip":"[::1]:56296","uri":"/api/v1/user/servers/1/metrics/aggregate?start=2026-09-30T16:20:00%2B05:30\u0026end=nope\u0026granularity=5m","response":500},"gofrVersion":"v1.61.0"}
{"level":"ERROR","time":"2026-09-30T16:30:52.6816432+05:30","message":{"trace_id":"1319c99ab1faeb93dcde24bbc86df1ef","error":"valid start timestamp is required"},"gofrVersion":"v1.61.0"}
{"level":"ERROR","time":"2026-09-30T16:30:52.6836271+05:30","message":{"trace_id":"1319c99ab1faeb93dcde24bbc86df1ef","span_id":"ece192e25aa74d14","start_time":"2026-09-30T16:30:52.6816432+05:30","response_time":1983,"method":"GET","user_agent":"Go-http-client/1.1","ip":"[::1]:56296","uri":"/api/v1/user/servers/1/metrics/aggregate?start=nope\u0026end=2026-09-30T16:25:00%2B05:30\u0026granularity=5m","response":500},"gofrVersion":"v1.61.0"}
{"level":"ERROR","time":"2026-09-30T16:30:52.6841805+05:30","message":{"trace_id":"b29f386b0bbfeca42d5242b1549e6271","error":"invalid time range"},"gofrVersion":"v1.61.0"}
{"level":"ERROR","time":"2026-09-30T16:30:52.6847021+05:30","message":{"trace_id":"b29f386b0bbfeca42d5242b1549e6271","span_id":"d45a1a1a47270b41","start_time":"2026-09-30T16:30:52.6841805+05:30","response_time":521,"method":"GET","user_agent":"Go-http-client/1.1","ip":"[::1]:56296","uri":"/api/v1/user/servers/1/metrics/aggregate?start=2026-09-30T16:25:00%2B05:30\u0026end=2026-09-30T16:20:00%2B05:30\u0026granularity=5m","response":500},"gofrVersion":"v1.61.0"}
{"level":"ERROR","time":"2026-09-30T16:30:52.6859922+05:30","message":{"trace_id":"c8c414ace011b23bdb7d9f734ea453aa","error":"invalid granularity"},"gofrVersion":"v1.61.0"}
{"level":"ERROR","time":"2026-09-30T16:30:52.6864972+05:30","message":{"trace_id":"c8c414ace011b23bdb7d9f734ea453aa","span_id":"067432b6c15cd807","start_time":"2026-09-30T16:30:52.6859922+05:30","response_time":505,"method":"GET","user_agent":"Go-http-client/1.1","ip":"[::1]:56296","uri":"/api/v1/user/servers/1/metrics/aggregate?start=2026-09-30T16:20:00%2B05:30\u0026end=2026-09-30T16:25:00%2B05:30\u0026granularity=10m","response":500},"gofrVersion":"v1.61.0"}
{"level":"ERROR","time":"2026-09-30T16:30:52.687713+05:30","message":{"trace_id":"2e796bfb827ff69dbf670335fd8fbd88","error":"invalid granularity"},"gofrVersion":"v1.61.0"}
{"level":"ERROR","time":"2026-09-30T16:30:52.687713+05:30","message":{"trace_id":"2e796bfb827ff69dbf670335fd8fbd88","span_id":"5a042d47772d8277","start_time":"2026-09-30T16:30:52.687713+05:30","method":"GET","user_agent":"Go-http-client/1.1","ip":"[::1]:56296","uri":"/api/v1/user/servers/1/metrics/aggregate?start=2026-09-30T16:20:00%2B05:30\u0026end=2026-09-30T16:25:00%2B05:30\u0026granularity=2h","response":500},"gofrVersion":"v1.61.0"}
{"level":"ERROR","time":"2026-09-30T16:30:52.6895329+05:30","message":{"trace_id":"f02873a666e690bb9e1e28ec4b0e69f3","error":"invalid granularity"},"gofrVersion":"v1.61.0"}
{"level":"ERROR","time":"2026-09-30T16:30:52.6900818+05:30","message":{"trace_id":"f02873a666e690bb9e1e28ec4b0e69f3","span_id":"fed7a3c71c68119e","start_time":"2026-09-30T16:30:52.6895329+05:30","response_time":548,"method":"GET","user_agent":"Go-http-client/1.1","ip":"[::1]:56296","uri":"/api/v1/user/servers/1/metrics/aggregate?start=2026-09-30T16:20:00%2B05:30\u0026end=2026-09-30T16:25:00%2B05:30\u0026granularity=30m","response":500},"gofrVersion":"v1.61.0"}
{"level":"ERROR","time":"2026-09-30T16:30:52.690945+05:30","message":{"trace_id":"e26fdda10a2591fa1ea7d94c36911909","error":"end timestamp is required"},"gofrVersion":"v1.61.0"}
{"level":"ERROR","time":"2026-09-30T16:30:52.6914514+05:30","message":{"trace_id":"e26fdda10a2591fa1ea7d94c36911909","span_id":"134eff2a39bb83ab","start_time":"2026-09-30T16:30:52.690945+05:30","response_time":506,"method":"GET","user_agent":"Go-http-client/1.1","ip":"[::1]:56296","uri":"/api/v1/user/servers/1/metrics/aggregate?start=2026-09-30T16:20:00%2B05:30\u0026granularity=5m","response":500},"gofrVersion":"v1.61.0"}
{"level":"ERROR","time":"2026-09-30T16:30:52.6921517+05:30","message":{"trace_id":"3cc6a9199dd557cb04b539db31e6fb29","error":"granularity is required"},"gofrVersion":"v1.61.0"}
{"level":"ERROR","time":"2026-09-30T16:30:52.6926561+05:30","message":{"trace_id":"3cc6a9199dd557cb04b539db31e6fb29","span_id":"11d2d6b9cce3761f","start_time":"2026-09-30T16:30:52.6921517+05:30","response_time":504,"method":"GET","user_agent":"Go-http-client/1.1","ip":"[::1]:56296","uri":"/api/v1/user/servers/1/metrics/aggregate?start=2026-09-30T16:20:00%2B05:30\u0026end=2026-09-30T16:25:00%2B05:30","response":500},"gofrVersion":"v1.61.0"}
{"level":"ERROR","time":"2026-09-30T16:30:52.6935016+05:30","message":{"trace_id":"f1d1f0d1d296548206e5678f34329d1e","error":"start timestamp is required"},"gofrVersion":"v1.61.0"}
{"level":"ERROR","time":"2026-09-30T16:30:52.6935016+05:30","message":{"trace_id":"f1d1f0d1d296548206e5678f34329d1e","span_id":"37beb40c95a0dd40","start_time":"2026-09-30T16:30:52.6935016+05:30","method":"GET","user_agent":"Go-http-client/1.1","ip":"[::1]:56296","uri":"/api/v1/user/servers/1/metrics/aggregate?end=2026-09-30T16:25:00%2B05:30\u0026granularity=5m","response":500},"gofrVersion":"v1.61.0"}
{"level":"ERROR","time":"2026-09-30T16:30:52.7580191+05:30","message":{"trace_id":"abe8441a6189bf35453732e12de9eda3","error":"server not found"},"gofrVersion":"v1.61.0"}
{"level":"ERROR","time":"2026-09-30T16:30:52.7585239+05:30","message":{"trace_id":"abe8441a6189bf35453732e12de9eda3","span_id":"f46671adcf20d52f","start_time":"2026-09-30T16:30:52.703265+05:30","response_time":55258,"method":"GET","user_agent":"Go-http-client/1.1","ip":"[::1]:56296","uri":"/api/v1/user/servers/1/metrics/aggregate?start=2026-09-30T16:20:00%2B05:30\u0026end=2026-09-30T16:25:00%2B05:30\u0026granularity=5m","response":500},"gofrVersion":"v1.61.0"}
{"level":"ERROR","time":"2026-09-30T16:30:53.2327223+05:30","message":{"trace_id":"d63917729d099d374eb6876550dd92f7","error":"snapshot_missing"},"gofrVersion":"v1.61.0"}
{"level":"ERROR","time":"2026-09-30T16:30:53.2332266+05:30","message":{"trace_id":"d63917729d099d374eb6876550dd92f7","span_id":"b5f0ec7d6eb2b6c4","start_time":"2026-09-30T16:30:53.1776995+05:30","response_time":55527,"method":"GET","user_agent":"Go-http-client/1.1","ip":"[::1]:56296","uri":"/api/v1/user/servers/1/processes","response":503},"gofrVersion":"v1.61.0"}
{"level":"ERROR","time":"2026-09-30T16:39:35.6147996+05:30","message":{"trace_id":"dc7a53033b51cca6d9f4b58688b86fa1","error":"aggregation bucket limit exceeded: maximum allowed buckets is 5040"},"gofrVersion":"v1.61.0"}
{"level":"ERROR","time":"2026-09-30T16:39:35.6163831+05:30","message":{"trace_id":"dc7a53033b51cca6d9f4b58688b86fa1","span_id":"304bec93c485c35b","start_time":"2026-09-30T16:39:35.6147996+05:30","response_time":1583,"method":"GET","user_agent":"Go-http-client/1.1","ip":"[::1]:56431","uri":"/api/v1/user/servers/1/metrics/aggregate?start=2026-09-01T00%3A00%3A00Z\u0026end=2026-09-18T12%3A05%3A00Z\u0026granularity=5m","response":500},"gofrVersion":"v1.61.0"}
{"level":"ERROR","time":"2026-09-30T16:39:35.6168892+05:30","message":{"trace_id":"2de75f7f2ab2a5e545153e6889086425","error":"valid start timestamp is required"},"gofrVersion":"v1.61.0"}
{"level":"ERROR","time":"2026-09-30T16:39:35.6174203+05:30","message":{"trace_id":"2de75f7f2ab2a5e545153e6889086425","span_id":"e441ac7d1d7e77aa","start_time":"2026-09-30T16:39:35.6168892+05:30","response_time":531,"method":"GET","user_agent":"Go-http-client/1.1","ip":"[::1]:56431","uri":"/api/v1/user/servers/1/metrics/aggregate?start=nope\u0026end=2026-09-30T16%3A25%3A00%2B05%3A30\u0026granularity=5m","response":500},"gofrVersion":"v1.61.0"}
{"level":"ERROR","time":"2026-09-30T16:39:35.6664757+05:30","message":{"trace_id":"058d3c4bd8e870793e7b8184eebdeb5e","error":"server not found"},"gofrVersion":"v1.61.0"}
{"level":"ERROR","time":"2026-09-30T16:39:35.6670403+05:30","message":{"trace_id":"058d3c4bd8e870793e7b8184eebdeb5e","span_id":"94b3317bc365080c","start_time":"2026-09-30T16:39:35.6186818+05:30","response_time":48358,"method":"GET","user_agent":"Go-http-client/1.1","ip":"[::1]:56431","uri":"/api/v1/user/servers/1/metrics/aggregate?start=2026-09-30T16%3A20%3A00%2B05%3A30\u0026end=2026-09-30T16%3A25%3A00%2B05%3A30\u0026granularity=5m","response":500},"gofrVersion":"v1.61.0"}
