2026/09/30 16:42:28 [INFO] runtime configuration loaded for environment: development
2026/09/30 16:42:30 [GORM] Database connection established and schema migrated successfully.
2026/09/30 16:42:38 [INFO] offline detection worker started
{"level":"ERROR","time":"2026-09-30T16:43:25.4272213+05:30","message":{"trace_id":"12fbfa37d3f70596c97d43e34379f54d","error":"aggregation bucket limit exceeded: maximum allowed buckets is 5040"},"gofrVersion":"v1.61.0"}
{"level":"ERROR","time":"2026-09-30T16:43:25.4293619+05:30","message":{"trace_id":"74b6392f60319a7c517782995af70ecd","error":"valid start timestamp is required"},"gofrVersion":"v1.61.0"}
{"level":"ERROR","time":"2026-09-30T16:43:25.5024632+05:30","message":{"trace_id":"13c954490def37fcd14c1c6a284aa0d4","error":"server not found"},"gofrVersion":"v1.61.0"}
{"level":"ERROR","time":"2026-09-30T17:43:05.3125438+05:30","message":{"trace_id":"133c9aa0e72a713a76c86c242e7a13aa","error":"snapshot_missing"},"gofrVersion":"v1.61.0"}
{"level":"ERROR","time":"2026-09-30T17:43:05.3183728+05:30","message":{"trace_id":"133c9aa0e72a713a76c86c242e7a13aa","span_id":"963f2c35154dcff4","start_time":"2026-09-30T17:43:05.2588768+05:30","response_time":59496,"method":"GET","user_agent":"Go-http-client/1.1","ip":"[::1]:57049","uri":"/api/v1/user/servers/1/processes","response":503},"gofrVersion":"v1.61.0"}
{"level":"ERROR","time":"2026-09-30T17:43:05.3732277+05:30","message":{"trace_id":"9d696e511de487b0fd25b23f5414f5d6","error":"limit must be between 1 and 100"},"gofrVersion":"v1.61.0"}
{"level":"ERROR","time":"2026-09-30T17:43:05.3737334+05:30","message":{"trace_id":"9d696e511de487b0fd25b23f5414f5d6","span_id":"a09b630b62b614e9","start_time":"2026-09-30T17:43:05.319392+05:30","response_time":54341,"method":"GET","user_agent":"Go-http-client/1.1","ip":"[::1]:57049","uri":"/api/v1/user/servers/1/processes?limit=0","response":500},"gofrVersion":"v1.61.0"}
{"level":"ERROR","time":"2026-09-30T17:43:05.4259357+05:30","message":{"trace_id":"4bf51ab3d93e335c29602897db74594b","error":"snapshot_missing"},"gofrVersion":"v1.61.0"}
{"level":"ERROR","time":"2026-09-30T17:43:05.4259357+05:30","message":{"trace_id":"4bf51ab3d93e335c29602897db74594b","span_id":"d233fd9e745cd57e","start_time":"2026-09-30T17:43:05.3742622+05:30","response_time":51673,"method":"GET","user_agent":"Go-http-client/1.1","ip":"[::1]:57049","uri":"/api/v1/user/servers/1/processes?limit=1","response":503},"gofrVersion":"v1.61.0"}
{"level":"ERROR","time":"2026-09-30T17:43:05.4889909+05:30","message":{"trace_id":"6dfa77e0358640be8c07776d1149cc2c","error":"snapshot_missing"},"gofrVersion":"v1.61.0"}
{"level":"ERROR","time":"2026-09-30T17:43:05.4902052+05:30","message":{"trace_id":"6dfa77e0358640be8c07776d1149cc2c","span_id":"af792689db2b781e","start_time":"2026-09-30T17:43:05.4264407+05:30","response_time":63764,"method":"GET","user_agent":"Go-http-client/1.1","ip":"[::1]:57049","uri":"/api/v1/user/servers/1/processes?limit=100","response":503},"gofrVersion":"v1.61.0"}
{"level":"ERROR","time":"2026-09-30T17:43:05.5684102+05:30","message":{"trace_id":"aef9e357bb91f5b7c0d3ee647605770e","error":"limit must be between 1 and 100"},"gofrVersion":"v1.61.0"}
{"level":"ERROR","time":"2026-09-30T17:43:05.5694084+05:30","message":{"trace_id":"aef9e357bb91f5b7c0d3ee647605770e","span_id":"fd84ccc9bff963d3","start_time":"2026-09-30T17:43:05.4908206+05:30","response_time":78587,"method":"GET","user_agent":"Go-http-client/1.1","ip":"[::1]:57049","uri":"/api/v1/user/servers/1/processes?limit=101","response":500},"gofrVersion":"v1.61.0"}
{"level":"ERROR","time":"2026-09-30T17:43:05.6244438+05:30","message":{"trace_id":"cbcdd731d83b3e68b902a8446b003ce9","error":"limit must be between 1 and 100"},"gofrVersion":"v1.61.0"}
{"level":"ERROR","time":"2026-09-30T17:43:05.6244438+05:30","message":{"trace_id":"cbcdd731d83b3e68b902a8446b003ce9","span_id":"cbd6bf545f571a79","start_time":"2026-09-30T17:43:05.5707952+05:30","response_time":53648,"method":"GET","user_agent":"Go-http-client/1.1","ip":"[::1]:57049","uri":"/api/v1/user/servers/1/processes?limit=-5","response":500},"gofrVersion":"v1.61.0"}
{"level":"ERROR","time":"2026-09-30T17:43:05.6775601+05:30","message":{"trace_id":"5cd138bd2a30b01f8e546f2d7e0d207f","error":"snapshot_missing"},"gofrVersion":"v1.61.0"}
{"level":"ERROR","time":"2026-09-30T17:43:05.6775601+05:30","message":{"trace_id":"5cd138bd2a30b01f8e546f2d7e0d207f","span_id":"55340123d0008802","start_time":"2026-09-30T17:43:05.6254929+05:30","response_time":52067,"method":"GET","user_agent":"Go-http-client/1.1","ip":"[::1]:57049","uri":"/api/v1/user/servers/1/processes?sort=cpu_asc","response":503},"gofrVersion":"v1.61.0"}
{"level":"ERROR","time":"2026-09-30T17:43:05.7344161+05:30","message":{"trace_id":"804e5ccc9129bd3b3895211baca7c18e","error":"snapshot_missing"},"gofrVersion":"v1.61.0"}
{"level":"ERROR","time":"2026-09-30T17:43:05.7346747+05:30","message":{"trace_id":"804e5ccc9129bd3b3895211baca7c18e","span_id":"1fa55063a212a2f0","start_time":"2026-09-30T17:43:05.6780633+05:30","response_time":56611,"method":"GET","user_agent":"Go-http-client/1.1","ip":"[::1]:57049","uri":"/api/v1/user/servers/1/processes?sort=cpu_desc","response":503},"gofrVersion":"v1.61.0"}
{"level":"ERROR","time":"2026-09-30T17:43:05.7910691+05:30","message":{"trace_id":"f42904e94ddc087b369b0e5aac4ab782","error":"snapshot_missing"},"gofrVersion":"v1.61.0"}
{"level":"ERROR","time":"2026-09-30T17:43:05.7910691+05:30","message":{"trace_id":"f42904e94ddc087b369b0e5aac4ab782","span_id":"2bc083736658ade5","start_time":"2026-09-30T17:43:05.7352344+05:30","response_time":55834,"method":"GET","user_agent":"Go-http-client/1.1","ip":"[::1]:57049","uri":"/api/v1/user/servers/1/processes?sort=memory_asc","response":503},"gofrVersion":"v1.61.0"}
{"level":"ERROR","time":"2026-09-30T17:43:05.8458242+05:30","message":{"trace_id":"0bd9870e0ff26ee394c4798ae977b047","error":"snapshot_missing"},"gofrVersion":"v1.61.0"}
{"level":"ERROR","time":"2026-09-30T17:43:05.8465101+05:30","message":{"trace_id":"0bd9870e0ff26ee394c4798ae977b047","span_id":"df794e7c8ac60883","start_time":"2026-09-30T17:43:05.7920951+05:30","response_time":54415,"method":"GET","user_agent":"Go-http-client/1.1","ip":"[::1]:57049","uri":"/api/v1/user/servers/1/processes?sort=memory_desc","response":503},"gofrVersion":"v1.61.0"}
{"level":"ERROR","time":"2026-09-30T17:43:05.9006462+05:30","message":{"trace_id":"5f6607c2557e76af8e42d5efe22c8363","error":"snapshot_missing"},"gofrVersion":"v1.61.0"}
{"level":"ERROR","time":"2026-09-30T17:43:05.9006462+05:30","message":{"trace_id":"5f6607c2557e76af8e42d5efe22c8363","span_id":"209971842d873c01","start_time":"2026-09-30T17:43:05.8476818+05:30","response_time":52964,"method":"GET","user_agent":"Go-http-client/1.1","ip":"[::1]:57049","uri":"/api/v1/user/servers/1/processes?sort=pid","response":503},"gofrVersion":"v1.61.0"}
{"level":"ERROR","time":"2026-09-30T17:43:05.9629586+05:30","message":{"trace_id":"d15539c64107a77651f7dc45b8e3b18a","error":"server not found"},"gofrVersion":"v1.61.0"}
{"level":"ERROR","time":"2026-09-30T17:43:05.9634643+05:30","message":{"trace_id":"d15539c64107a77651f7dc45b8e3b18a","span_id":"ea81b93a5459f81e","start_time":"2026-09-30T17:43:05.9083424+05:30","response_time":55121,"method":"GET","user_agent":"Go-http-client/1.1","ip":"[::1]:57049","uri":"/api/v1/user/servers/1/processes","response":500},"gofrVersion":"v1.61.0"}
{"level":"ERROR","time":"2026-09-30T17:43:06.0183904+05:30","message":{"trace_id":"6229e4fc044f3cd795b9e4a647a76348","error":"snapshot_missing"},"gofrVersion":"v1.61.0"}
{"level":"ERROR","time":"2026-09-30T17:43:06.0198997+05:30","message":{"trace_id":"6229e4fc044f3cd795b9e4a647a76348","span_id":"1b739ba4ac0a7e9b","start_time":"2026-09-30T17:43:05.963995+05:30","response_time":55904,"method":"GET","user_agent":"Go-http-client/1.1","ip":"[::1]:57049","uri":"/api/v1/user/servers/1/processes","response":503},"gofrVersion":"v1.61.0"}
